data.archive_file.task1: Reading...
data.aws_ec2_managed_prefix_list.cloudfront: Reading...
data.aws_ami.al2023: Reading...
data.aws_caller_identity.current: Reading...
data.aws_iam_policy_document.ec2_assume: Reading...
data.aws_iam_policy_document.ec2_assume: Read complete after 0s [id=2851119427]
aws_iam_role.bastion: Refreshing state... [id=wsc-task1-bastion-role]
data.aws_caller_identity.current: Read complete after 0s [id=640107381732]
aws_s3_bucket.bootstrap: Refreshing state... [id=wsc-task1-bootstrap-640107381732]
data.aws_ec2_managed_prefix_list.cloudfront: Read complete after 1s [id=pl-22a6434b]
data.archive_file.task1: Read complete after 1s [id=4172822f9347bdde41b8dacbc6f4abc4fa428d7c]
aws_s3_bucket_public_access_block.bootstrap: Refreshing state... [id=wsc-task1-bootstrap-640107381732]
aws_s3_object.task1_bundle: Refreshing state... [id=task1-bundle.zip]
data.aws_ami.al2023: Read complete after 1s [id=ami-00a11b181487a3ff6]
aws_iam_role_policy_attachment.ssm: Refreshing state... [id=wsc-task1-bastion-role-20260701163657233200000001]
aws_iam_role_policy_attachment.admin: Refreshing state... [id=wsc-task1-bastion-role-20260701163657261500000002]
aws_iam_instance_profile.bastion: Refreshing state... [id=wsc-task1-bastion-profile]

Note: Objects have changed outside of Terraform

Terraform detected the following changes made outside of Terraform since the
last "terraform apply" which may have affected this plan:

  # aws_s3_object.task1_bundle has been deleted
  - resource "aws_s3_object" "task1_bundle" {
        id                            = "task1-bundle.zip"
      - key                           = "task1-bundle.zip" -> null
        tags                          = {}
        # (25 unchanged attributes hidden)
    }


Unless you have made equivalent changes to your configuration, or ignored the
relevant attributes using ignore_changes, the following plan may include
actions to undo or respond to these changes.

─────────────────────────────────────────────────────────────────────────────

Terraform used the selected providers to generate the following execution
plan. Resource actions are indicated with the following symbols:
  + create

Terraform will perform the following actions:

  # aws_instance.bastion will be created
  + resource "aws_instance" "bastion" {
      + ami                                  = "ami-00a11b181487a3ff6"
      + arn                                  = (known after apply)
      + associate_public_ip_address          = (known after apply)
      + availability_zone                    = (known after apply)
      + cpu_core_count                       = (known after apply)
      + cpu_threads_per_core                 = (known after apply)
      + disable_api_stop                     = (known after apply)
      + disable_api_termination              = (known after apply)
      + ebs_optimized                        = (known after apply)
      + enable_primary_ipv6                  = (known after apply)
      + get_password_data                    = false
      + host_id                              = (known after apply)
      + host_resource_group_arn              = (known after apply)
      + iam_instance_profile                 = "wsc-task1-bastion-profile"
      + id                                   = (known after apply)
      + instance_initiated_shutdown_behavior = (known after apply)
      + instance_lifecycle                   = (known after apply)
      + instance_state                       = (known after apply)
      + instance_type                        = "t3.medium"
      + ipv6_address_count                   = (known after apply)
      + ipv6_addresses                       = (known after apply)
      + key_name                             = (known after apply)
      + monitoring                           = (known after apply)
      + outpost_arn                          = (known after apply)
      + password_data                        = (known after apply)
      + placement_group                      = (known after apply)
      + placement_partition_number           = (known after apply)
      + primary_network_interface_id         = (known after apply)
      + private_dns                          = (known after apply)
      + private_ip                           = (known after apply)
      + public_dns                           = (known after apply)
      + public_ip                            = (known after apply)
      + secondary_private_ips                = (known after apply)
      + security_groups                      = (known after apply)
      + source_dest_check                    = true
      + spot_instance_request_id             = (known after apply)
      + subnet_id                            = (known after apply)
      + tags                                 = {
          + "Name" = "wsc-task1-bastion"
        }
      + tags_all                             = {
          + "Name"    = "wsc-task1-bastion"
          + "Player"  = "wsc"
          + "Project" = "wsc-2026-task1-bastion"
        }
      + tenancy                              = (known after apply)
      + user_data                            = "714135e5da03a0523f8af52b17c7b59a7d352d7a"
      + user_data_base64                     = (known after apply)
      + user_data_replace_on_change          = false
      + vpc_security_group_ids               = (known after apply)

      + capacity_reservation_specification (known after apply)

      + cpu_options (known after apply)

      + ebs_block_device (known after apply)

      + enclave_options (known after apply)

      + ephemeral_block_device (known after apply)

      + instance_market_options (known after apply)

      + maintenance_options (known after apply)

      + metadata_options {
          + http_endpoint               = "enabled"
          + http_protocol_ipv6          = "disabled"
          + http_put_response_hop_limit = (known after apply)
          + http_tokens                 = "required"
          + instance_metadata_tags      = (known after apply)
        }

      + network_interface (known after apply)

      + private_dns_name_options (known after apply)

      + root_block_device {
          + delete_on_termination = true
          + device_name           = (known after apply)
          + encrypted             = (known after apply)
          + iops                  = (known after apply)
          + kms_key_id            = (known after apply)
          + tags_all              = (known after apply)
          + throughput            = (known after apply)
          + volume_id             = (known after apply)
          + volume_size           = 30
          + volume_type           = "gp3"
        }
    }

  # aws_internet_gateway.bn will be created
  + resource "aws_internet_gateway" "bn" {
      + arn      = (known after apply)
      + id       = (known after apply)
      + owner_id = (known after apply)
      + tags     = {
          + "Name" = "task-bastion-igw"
        }
      + tags_all = {
          + "Name"    = "task-bastion-igw"
          + "Player"  = "wsc"
          + "Project" = "wsc-2026-task1-bastion"
        }
      + vpc_id   = (known after apply)
    }

  # aws_internet_gateway.igw will be created
  + resource "aws_internet_gateway" "igw" {
      + arn      = (known after apply)
      + id       = (known after apply)
      + owner_id = (known after apply)
      + tags     = {
          + "Name" = "gj2026-igw"
        }
      + tags_all = {
          + "Name"    = "gj2026-igw"
          + "Player"  = "wsc"
          + "Project" = "wsc-2026-task1-bastion"
        }
      + vpc_id   = (known after apply)
    }

  # aws_route_table.bn will be created
  + resource "aws_route_table" "bn" {
      + arn              = (known after apply)
      + id               = (known after apply)
      + owner_id         = (known after apply)
      + propagating_vgws = (known after apply)
      + route            = [
          + {
              + cidr_block                 = "0.0.0.0/0"
              + gateway_id                 = (known after apply)
                # (11 unchanged attributes hidden)
            },
        ]
      + tags             = {
          + "Name" = "task-bastion-rt"
        }
      + tags_all         = {
          + "Name"    = "task-bastion-rt"
          + "Player"  = "wsc"
          + "Project" = "wsc-2026-task1-bastion"
        }
      + vpc_id           = (known after apply)
    }

  # aws_route_table.private_a will be created
  + resource "aws_route_table" "private_a" {
      + arn              = (known after apply)
      + id               = (known after apply)
      + owner_id         = (known after apply)
      + propagating_vgws = (known after apply)
      + route            = (known after apply)
      + tags             = {
          + "Name" = "gj2026-private-rtb-a"
        }
      + tags_all         = {
          + "Name"    = "gj2026-private-rtb-a"
          + "Player"  = "wsc"
          + "Project" = "wsc-2026-task1-bastion"
        }
      + vpc_id           = (known after apply)
    }

  # aws_route_table.private_b will be created
  + resource "aws_route_table" "private_b" {
      + arn              = (known after apply)
      + id               = (known after apply)
      + owner_id         = (known after apply)
      + propagating_vgws = (known after apply)
      + route            = (known after apply)
      + tags             = {
          + "Name" = "gj2026-private-rtb-b"
        }
      + tags_all         = {
          + "Name"    = "gj2026-private-rtb-b"
          + "Player"  = "wsc"
          + "Project" = "wsc-2026-task1-bastion"
        }
      + vpc_id           = (known after apply)
    }

  # aws_route_table_association.bn will be created
  + resource "aws_route_table_association" "bn" {
      + id             = (known after apply)
      + route_table_id = (known after apply)
      + subnet_id      = (known after apply)
    }

  # aws_route_table_association.private_a will be created
  + resource "aws_route_table_association" "private_a" {
      + id             = (known after apply)
      + route_table_id = (known after apply)
      + subnet_id      = (known after apply)
    }

  # aws_route_table_association.private_b will be created
  + resource "aws_route_table_association" "private_b" {
      + id             = (known after apply)
      + route_table_id = (known after apply)
      + subnet_id      = (known after apply)
    }

  # aws_s3_object.task1_bundle will be created
  + resource "aws_s3_object" "task1_bundle" {
      + acl                    = (known after apply)
      + arn                    = (known after apply)
      + bucket                 = "wsc-task1-bootstrap-640107381732"
      + bucket_key_enabled     = (known after apply)
      + checksum_crc32         = (known after apply)
      + checksum_crc32c        = (known after apply)
      + checksum_crc64nvme     = (known after apply)
      + checksum_sha1          = (known after apply)
      + checksum_sha256        = (known after apply)
      + content_type           = (known after apply)
      + etag                   = "56fc372ab6f232940766a55ae812e38d"
      + force_destroy          = false
      + id                     = (known after apply)
      + key                    = "task1-bundle.zip"
      + kms_key_id             = (known after apply)
      + server_side_encryption = (known after apply)
      + source                 = "./../../.task1_bundle_05.zip"
      + storage_class          = (known after apply)
      + tags_all               = {
          + "Player"  = "wsc"
          + "Project" = "wsc-2026-task1-bastion"
        }
      + version_id             = (known after apply)
    }

  # aws_security_group.alb will be created
  + resource "aws_security_group" "alb" {
      + arn                    = (known after apply)
      + description            = "ALB Security Group"
      + egress                 = [
          + {
              + cidr_blocks      = [
                  + "0.0.0.0/0",
                ]
              + from_port        = 0
              + ipv6_cidr_blocks = []
              + prefix_list_ids  = []
              + protocol         = "-1"
              + security_groups  = []
              + self             = false
              + to_port          = 0
                # (1 unchanged attribute hidden)
            },
        ]
      + id                     = (known after apply)
      + ingress                = [
          + {
              + cidr_blocks      = [
                  + "10.0.0.0/16",
                ]
              + from_port        = 80
              + ipv6_cidr_blocks = []
              + prefix_list_ids  = []
              + protocol         = "tcp"
              + security_groups  = []
              + self             = false
              + to_port          = 80
                # (1 unchanged attribute hidden)
            },
          + {
              + cidr_blocks      = []
              + from_port        = 80
              + ipv6_cidr_blocks = []
              + prefix_list_ids  = [
                  + "pl-22a6434b",
                ]
              + protocol         = "tcp"
              + security_groups  = []
              + self             = false
              + to_port          = 80
                # (1 unchanged attribute hidden)
            },
        ]
      + name                   = "gj2026-alb-sg"
      + name_prefix            = (known after apply)
      + owner_id               = (known after apply)
      + revoke_rules_on_delete = false
      + tags_all               = {
          + "Player"  = "wsc"
          + "Project" = "wsc-2026-task1-bastion"
        }
      + vpc_id                 = (known after apply)
    }

  # aws_security_group.bastion will be created
  + resource "aws_security_group" "bastion" {
      + arn                    = (known after apply)
      + description            = "Bastion SG - no inbound, SSM via outbound 443 only"
      + egress                 = [
          + {
              + cidr_blocks      = [
                  + "0.0.0.0/0",
                ]
              + description      = "All outbound (SSM, ECR, docker pull, EKS API, helm charts)"
              + from_port        = 0
              + ipv6_cidr_blocks = []
              + prefix_list_ids  = []
              + protocol         = "-1"
              + security_groups  = []
              + self             = false
              + to_port          = 0
            },
        ]
      + id                     = (known after apply)
      + ingress                = (known after apply)
      + name                   = "wsc-task1-bastion-sg"
      + name_prefix            = (known after apply)
      + owner_id               = (known after apply)
      + revoke_rules_on_delete = false
      + tags                   = {
          + "Name" = "wsc-task1-bastion-sg"
        }
      + tags_all               = {
          + "Name"    = "wsc-task1-bastion-sg"
          + "Player"  = "wsc"
          + "Project" = "wsc-2026-task1-bastion"
        }
      + vpc_id                 = (known after apply)
    }

  # aws_security_group.eks_cluster will be created
  + resource "aws_security_group" "eks_cluster" {
      + arn                    = (known after apply)
      + description            = "EKS Cluster Security Group"
      + egress                 = [
          + {
              + cidr_blocks      = [
                  + "0.0.0.0/0",
                ]
              + from_port        = 0
              + ipv6_cidr_blocks = []
              + prefix_list_ids  = []
              + protocol         = "-1"
              + security_groups  = []
              + self             = false
              + to_port          = 0
                # (1 unchanged attribute hidden)
            },
        ]
      + id                     = (known after apply)
      + ingress                = [
          + {
              + cidr_blocks      = [
                  + "10.0.0.0/16",
                ]
              + from_port        = 0
              + ipv6_cidr_blocks = []
              + prefix_list_ids  = []
              + protocol         = "-1"
              + security_groups  = []
              + self             = false
              + to_port          = 0
                # (1 unchanged attribute hidden)
            },
        ]
      + name                   = "gj2026-eks-cluster-sg"
      + name_prefix            = (known after apply)
      + owner_id               = (known after apply)
      + revoke_rules_on_delete = false
      + tags_all               = {
          + "Player"  = "wsc"
          + "Project" = "wsc-2026-task1-bastion"
        }
      + vpc_id                 = (known after apply)
    }

  # aws_security_group.vpce will be created
  + resource "aws_security_group" "vpce" {
      + arn                    = (known after apply)
      + description            = "VPC Endpoint Security Group"
      + egress                 = [
          + {
              + cidr_blocks      = [
                  + "0.0.0.0/0",
                ]
              + from_port        = 0
              + ipv6_cidr_blocks = []
              + prefix_list_ids  = []
              + protocol         = "-1"
              + security_groups  = []
              + self             = false
              + to_port          = 0
                # (1 unchanged attribute hidden)
            },
        ]
      + id                     = (known after apply)
      + ingress                = [
          + {
              + cidr_blocks      = [
                  + "10.0.0.0/16",
                ]
              + from_port        = 443
              + ipv6_cidr_blocks = []
              + prefix_list_ids  = []
              + protocol         = "tcp"
              + security_groups  = []
              + self             = false
              + to_port          = 443
                # (1 unchanged attribute hidden)
            },
        ]
      + name                   = "gj2026-vpce-sg"
      + name_prefix            = (known after apply)
      + owner_id               = (known after apply)
      + revoke_rules_on_delete = false
      + tags_all               = {
          + "Player"  = "wsc"
          + "Project" = "wsc-2026-task1-bastion"
        }
      + vpc_id                 = (known after apply)
    }

  # aws_subnet.bn will be created
  + resource "aws_subnet" "bn" {
      + arn                                            = (known after apply)
      + assign_ipv6_address_on_creation                = false
      + availability_zone                              = (known after apply)
      + availability_zone_id                           = (known after apply)
      + cidr_block                                     = "10.250.0.0/24"
      + enable_dns64                                   = false
      + enable_resource_name_dns_a_record_on_launch    = false
      + enable_resource_name_dns_aaaa_record_on_launch = false
      + id                                             = (known after apply)
      + ipv6_cidr_block_association_id                 = (known after apply)
      + ipv6_native                                    = false
      + map_public_ip_on_launch                        = true
      + owner_id                                       = (known after apply)
      + private_dns_hostname_type_on_launch            = (known after apply)
      + tags                                           = {
          + "Name" = "task-bastion-subnet"
        }
      + tags_all                                       = {
          + "Name"    = "task-bastion-subnet"
          + "Player"  = "wsc"
          + "Project" = "wsc-2026-task1-bastion"
        }
      + vpc_id                                         = (known after apply)
    }

  # aws_subnet.private_a will be created
  + resource "aws_subnet" "private_a" {
      + arn                                            = (known after apply)
      + assign_ipv6_address_on_creation                = false
      + availability_zone                              = "ap-northeast-2a"
      + availability_zone_id                           = (known after apply)
      + cidr_block                                     = "10.0.10.0/24"
      + enable_dns64                                   = false
      + enable_resource_name_dns_a_record_on_launch    = true
      + enable_resource_name_dns_aaaa_record_on_launch = false
      + id                                             = (known after apply)
      + ipv6_cidr_block_association_id                 = (known after apply)
      + ipv6_native                                    = false
      + map_public_ip_on_launch                        = false
      + owner_id                                       = (known after apply)
      + private_dns_hostname_type_on_launch            = (known after apply)
      + tags                                           = {
          + "Name"                                     = "gj2026-private-subnet-a"
          + "kubernetes.io/cluster/gj2026-eks-cluster" = "shared"
          + "kubernetes.io/role/internal-elb"          = "1"
        }
      + tags_all                                       = {
          + "Name"                                     = "gj2026-private-subnet-a"
          + "Player"                                   = "wsc"
          + "Project"                                  = "wsc-2026-task1-bastion"
          + "kubernetes.io/cluster/gj2026-eks-cluster" = "shared"
          + "kubernetes.io/role/internal-elb"          = "1"
        }
      + vpc_id                                         = (known after apply)
    }

  # aws_subnet.private_b will be created
  + resource "aws_subnet" "private_b" {
      + arn                                            = (known after apply)
      + assign_ipv6_address_on_creation                = false
      + availability_zone                              = "ap-northeast-2b"
      + availability_zone_id                           = (known after apply)
      + cidr_block                                     = "10.0.11.0/24"
      + enable_dns64                                   = false
      + enable_resource_name_dns_a_record_on_launch    = true
      + enable_resource_name_dns_aaaa_record_on_launch = false
      + id                                             = (known after apply)
      + ipv6_cidr_block_association_id                 = (known after apply)
      + ipv6_native                                    = false
      + map_public_ip_on_launch                        = false
      + owner_id                                       = (known after apply)
      + private_dns_hostname_type_on_launch            = (known after apply)
      + tags                                           = {
          + "Name"                                     = "gj2026-private-subnet-b"
          + "kubernetes.io/cluster/gj2026-eks-cluster" = "shared"
          + "kubernetes.io/role/internal-elb"          = "1"
        }
      + tags_all                                       = {
          + "Name"                                     = "gj2026-private-subnet-b"
          + "Player"                                   = "wsc"
          + "Project"                                  = "wsc-2026-task1-bastion"
          + "kubernetes.io/cluster/gj2026-eks-cluster" = "shared"
          + "kubernetes.io/role/internal-elb"          = "1"
        }
      + vpc_id                                         = (known after apply)
    }

  # aws_vpc.bn will be created
  + resource "aws_vpc" "bn" {
      + arn                                  = (known after apply)
      + cidr_block                           = "10.250.0.0/16"
      + default_network_acl_id               = (known after apply)
      + default_route_table_id               = (known after apply)
      + default_security_group_id            = (known after apply)
      + dhcp_options_id                      = (known after apply)
      + enable_dns_hostnames                 = true
      + enable_dns_support                   = true
      + enable_network_address_usage_metrics = (known after apply)
      + id                                   = (known after apply)
      + instance_tenancy                     = "default"
      + ipv6_association_id                  = (known after apply)
      + ipv6_cidr_block                      = (known after apply)
      + ipv6_cidr_block_network_border_group = (known after apply)
      + main_route_table_id                  = (known after apply)
      + owner_id                             = (known after apply)
      + tags                                 = {
          + "Name" = "task-bastion-vpc"
        }
      + tags_all                             = {
          + "Name"    = "task-bastion-vpc"
          + "Player"  = "wsc"
          + "Project" = "wsc-2026-task1-bastion"
        }
    }

  # aws_vpc.vpc will be created
  + resource "aws_vpc" "vpc" {
      + arn                                  = (known after apply)
      + cidr_block                           = "10.0.0.0/16"
      + default_network_acl_id               = (known after apply)
      + default_route_table_id               = (known after apply)
      + default_security_group_id            = (known after apply)
      + dhcp_options_id                      = (known after apply)
      + enable_dns_hostnames                 = true
      + enable_dns_support                   = true
      + enable_network_address_usage_metrics = (known after apply)
      + id                                   = (known after apply)
      + instance_tenancy                     = "default"
      + ipv6_association_id                  = (known after apply)
      + ipv6_cidr_block                      = (known after apply)
      + ipv6_cidr_block_network_border_group = (known after apply)
      + main_route_table_id                  = (known after apply)
      + owner_id                             = (known after apply)
      + tags                                 = {
          + "Name" = "gj2026-vpc"
        }
      + tags_all                             = {
          + "Name"    = "gj2026-vpc"
          + "Player"  = "wsc"
          + "Project" = "wsc-2026-task1-bastion"
        }
    }

  # aws_vpc_endpoint.dynamodb will be created
  + resource "aws_vpc_endpoint" "dynamodb" {
      + arn                   = (known after apply)
      + cidr_blocks           = (known after apply)
      + dns_entry             = (known after apply)
      + id                    = (known after apply)
      + ip_address_type       = (known after apply)
      + network_interface_ids = (known after apply)
      + owner_id              = (known after apply)
      + policy                = (known after apply)
      + prefix_list_id        = (known after apply)
      + private_dns_enabled   = (known after apply)
      + requester_managed     = (known after apply)
      + route_table_ids       = (known after apply)
      + security_group_ids    = (known after apply)
      + service_name          = "com.amazonaws.ap-northeast-2.dynamodb"
      + service_region        = (known after apply)
      + state                 = (known after apply)
      + subnet_ids            = (known after apply)
      + tags                  = {
          + "Name" = "gj2026-dynamodb-endpoint"
        }
      + tags_all              = {
          + "Name"    = "gj2026-dynamodb-endpoint"
          + "Player"  = "wsc"
          + "Project" = "wsc-2026-task1-bastion"
        }
      + vpc_endpoint_type     = "Gateway"
      + vpc_id                = (known after apply)

      + dns_options (known after apply)

      + subnet_configuration (known after apply)
    }

  # aws_vpc_endpoint.interface["autoscaling"] will be created
  + resource "aws_vpc_endpoint" "interface" {
      + arn                   = (known after apply)
      + cidr_blocks           = (known after apply)
      + dns_entry             = (known after apply)
      + id                    = (known after apply)
      + ip_address_type       = (known after apply)
      + network_interface_ids = (known after apply)
      + owner_id              = (known after apply)
      + policy                = (known after apply)
      + prefix_list_id        = (known after apply)
      + private_dns_enabled   = true
      + requester_managed     = (known after apply)
      + route_table_ids       = (known after apply)
      + security_group_ids    = (known after apply)
      + service_name          = "com.amazonaws.ap-northeast-2.autoscaling"
      + service_region        = (known after apply)
      + state                 = (known after apply)
      + subnet_ids            = (known after apply)
      + tags                  = {
          + "Name" = "gj2026-autoscaling-endpoint"
        }
      + tags_all              = {
          + "Name"    = "gj2026-autoscaling-endpoint"
          + "Player"  = "wsc"
          + "Project" = "wsc-2026-task1-bastion"
        }
      + vpc_endpoint_type     = "Interface"
      + vpc_id                = (known after apply)

      + dns_options (known after apply)

      + subnet_configuration (known after apply)
    }

  # aws_vpc_endpoint.interface["ec2"] will be created
  + resource "aws_vpc_endpoint" "interface" {
      + arn                   = (known after apply)
      + cidr_blocks           = (known after apply)
      + dns_entry             = (known after apply)
      + id                    = (known after apply)
      + ip_address_type       = (known after apply)
      + network_interface_ids = (known after apply)
      + owner_id              = (known after apply)
      + policy                = (known after apply)
      + prefix_list_id        = (known after apply)
      + private_dns_enabled   = true
      + requester_managed     = (known after apply)
      + route_table_ids       = (known after apply)
      + security_group_ids    = (known after apply)
      + service_name          = "com.amazonaws.ap-northeast-2.ec2"
      + service_region        = (known after apply)
      + state                 = (known after apply)
      + subnet_ids            = (known after apply)
      + tags                  = {
          + "Name" = "gj2026-ec2-endpoint"
        }
      + tags_all              = {
          + "Name"    = "gj2026-ec2-endpoint"
          + "Player"  = "wsc"
          + "Project" = "wsc-2026-task1-bastion"
        }
      + vpc_endpoint_type     = "Interface"
      + vpc_id                = (known after apply)

      + dns_options (known after apply)

      + subnet_configuration (known after apply)
    }

  # aws_vpc_endpoint.interface["ec2messages"] will be created
  + resource "aws_vpc_endpoint" "interface" {
      + arn                   = (known after apply)
      + cidr_blocks           = (known after apply)
      + dns_entry             = (known after apply)
      + id                    = (known after apply)
      + ip_address_type       = (known after apply)
      + network_interface_ids = (known after apply)
      + owner_id              = (known after apply)
      + policy                = (known after apply)
      + prefix_list_id        = (known after apply)
      + private_dns_enabled   = true
      + requester_managed     = (known after apply)
      + route_table_ids       = (known after apply)
      + security_group_ids    = (known after apply)
      + service_name          = "com.amazonaws.ap-northeast-2.ec2messages"
      + service_region        = (known after apply)
      + state                 = (known after apply)
      + subnet_ids            = (known after apply)
      + tags                  = {
          + "Name" = "gj2026-ec2messages-endpoint"
        }
      + tags_all              = {
          + "Name"    = "gj2026-ec2messages-endpoint"
          + "Player"  = "wsc"
          + "Project" = "wsc-2026-task1-bastion"
        }
      + vpc_endpoint_type     = "Interface"
      + vpc_id                = (known after apply)

      + dns_options (known after apply)

      + subnet_configuration (known after apply)
    }

  # aws_vpc_endpoint.interface["ecr.api"] will be created
  + resource "aws_vpc_endpoint" "interface" {
      + arn                   = (known after apply)
      + cidr_blocks           = (known after apply)
      + dns_entry             = (known after apply)
      + id                    = (known after apply)
      + ip_address_type       = (known after apply)
      + network_interface_ids = (known after apply)
      + owner_id              = (known after apply)
      + policy                = (known after apply)
      + prefix_list_id        = (known after apply)
      + private_dns_enabled   = true
      + requester_managed     = (known after apply)
      + route_table_ids       = (known after apply)
      + security_group_ids    = (known after apply)
      + service_name          = "com.amazonaws.ap-northeast-2.ecr.api"
      + service_region        = (known after apply)
      + state                 = (known after apply)
      + subnet_ids            = (known after apply)
      + tags                  = {
          + "Name" = "gj2026-ecr-api-endpoint"
        }
      + tags_all              = {
          + "Name"    = "gj2026-ecr-api-endpoint"
          + "Player"  = "wsc"
          + "Project" = "wsc-2026-task1-bastion"
        }
      + vpc_endpoint_type     = "Interface"
      + vpc_id                = (known after apply)

      + dns_options (known after apply)

      + subnet_configuration (known after apply)
    }

  # aws_vpc_endpoint.interface["ecr.dkr"] will be created
  + resource "aws_vpc_endpoint" "interface" {
      + arn                   = (known after apply)
      + cidr_blocks           = (known after apply)
      + dns_entry             = (known after apply)
      + id                    = (known after apply)
      + ip_address_type       = (known after apply)
      + network_interface_ids = (known after apply)
      + owner_id              = (known after apply)
      + policy                = (known after apply)
      + prefix_list_id        = (known after apply)
      + private_dns_enabled   = true
      + requester_managed     = (known after apply)
      + route_table_ids       = (known after apply)
      + security_group_ids    = (known after apply)
      + service_name          = "com.amazonaws.ap-northeast-2.ecr.dkr"
      + service_region        = (known after apply)
      + state                 = (known after apply)
      + subnet_ids            = (known after apply)
      + tags                  = {
          + "Name" = "gj2026-ecr-dkr-endpoint"
        }
      + tags_all              = {
          + "Name"    = "gj2026-ecr-dkr-endpoint"
          + "Player"  = "wsc"
          + "Project" = "wsc-2026-task1-bastion"
        }
      + vpc_endpoint_type     = "Interface"
      + vpc_id                = (known after apply)

      + dns_options (known after apply)

      + subnet_configuration (known after apply)
    }

  # aws_vpc_endpoint.interface["eks"] will be created
  + resource "aws_vpc_endpoint" "interface" {
      + arn                   = (known after apply)
      + cidr_blocks           = (known after apply)
      + dns_entry             = (known after apply)
      + id                    = (known after apply)
      + ip_address_type       = (known after apply)
      + network_interface_ids = (known after apply)
      + owner_id              = (known after apply)
      + policy                = (known after apply)
      + prefix_list_id        = (known after apply)
      + private_dns_enabled   = true
      + requester_managed     = (known after apply)
      + route_table_ids       = (known after apply)
      + security_group_ids    = (known after apply)
      + service_name          = "com.amazonaws.ap-northeast-2.eks"
      + service_region        = (known after apply)
      + state                 = (known after apply)
      + subnet_ids            = (known after apply)
      + tags                  = {
          + "Name" = "gj2026-eks-endpoint"
        }
      + tags_all              = {
          + "Name"    = "gj2026-eks-endpoint"
          + "Player"  = "wsc"
          + "Project" = "wsc-2026-task1-bastion"
        }
      + vpc_endpoint_type     = "Interface"
      + vpc_id                = (known after apply)

      + dns_options (known after apply)

      + subnet_configuration (known after apply)
    }

  # aws_vpc_endpoint.interface["eks-auth"] will be created
  + resource "aws_vpc_endpoint" "interface" {
      + arn                   = (known after apply)
      + cidr_blocks           = (known after apply)
      + dns_entry             = (known after apply)
      + id                    = (known after apply)
      + ip_address_type       = (known after apply)
      + network_interface_ids = (known after apply)
      + owner_id              = (known after apply)
      + policy                = (known after apply)
      + prefix_list_id        = (known after apply)
      + private_dns_enabled   = true
      + requester_managed     = (known after apply)
      + route_table_ids       = (known after apply)
      + security_group_ids    = (known after apply)
      + service_name          = "com.amazonaws.ap-northeast-2.eks-auth"
      + service_region        = (known after apply)
      + state                 = (known after apply)
      + subnet_ids            = (known after apply)
      + tags                  = {
          + "Name" = "gj2026-eks-auth-endpoint"
        }
      + tags_all              = {
          + "Name"    = "gj2026-eks-auth-endpoint"
          + "Player"  = "wsc"
          + "Project" = "wsc-2026-task1-bastion"
        }
      + vpc_endpoint_type     = "Interface"
      + vpc_id                = (known after apply)

      + dns_options (known after apply)

      + subnet_configuration (known after apply)
    }

  # aws_vpc_endpoint.interface["elasticloadbalancing"] will be created
  + resource "aws_vpc_endpoint" "interface" {
      + arn                   = (known after apply)
      + cidr_blocks           = (known after apply)
      + dns_entry             = (known after apply)
      + id                    = (known after apply)
      + ip_address_type       = (known after apply)
      + network_interface_ids = (known after apply)
      + owner_id              = (known after apply)
      + policy                = (known after apply)
      + prefix_list_id        = (known after apply)
      + private_dns_enabled   = true
      + requester_managed     = (known after apply)
      + route_table_ids       = (known after apply)
      + security_group_ids    = (known after apply)
      + service_name          = "com.amazonaws.ap-northeast-2.elasticloadbalancing"
      + service_region        = (known after apply)
      + state                 = (known after apply)
      + subnet_ids            = (known after apply)
      + tags                  = {
          + "Name" = "gj2026-elasticloadbalancing-endpoint"
        }
      + tags_all              = {
          + "Name"    = "gj2026-elasticloadbalancing-endpoint"
          + "Player"  = "wsc"
          + "Project" = "wsc-2026-task1-bastion"
        }
      + vpc_endpoint_type     = "Interface"
      + vpc_id                = (known after apply)

      + dns_options (known after apply)

      + subnet_configuration (known after apply)
    }

  # aws_vpc_endpoint.interface["logs"] will be created
  + resource "aws_vpc_endpoint" "interface" {
      + arn                   = (known after apply)
      + cidr_blocks           = (known after apply)
      + dns_entry             = (known after apply)
      + id                    = (known after apply)
      + ip_address_type       = (known after apply)
      + network_interface_ids = (known after apply)
      + owner_id              = (known after apply)
      + policy                = (known after apply)
      + prefix_list_id        = (known after apply)
      + private_dns_enabled   = true
      + requester_managed     = (known after apply)
      + route_table_ids       = (known after apply)
      + security_group_ids    = (known after apply)
      + service_name          = "com.amazonaws.ap-northeast-2.logs"
      + service_region        = (known after apply)
      + state                 = (known after apply)
      + subnet_ids            = (known after apply)
      + tags                  = {
          + "Name" = "gj2026-logs-endpoint"
        }
      + tags_all              = {
          + "Name"    = "gj2026-logs-endpoint"
          + "Player"  = "wsc"
          + "Project" = "wsc-2026-task1-bastion"
        }
      + vpc_endpoint_type     = "Interface"
      + vpc_id                = (known after apply)

      + dns_options (known after apply)

      + subnet_configuration (known after apply)
    }

  # aws_vpc_endpoint.interface["monitoring"] will be created
  + resource "aws_vpc_endpoint" "interface" {
      + arn                   = (known after apply)
      + cidr_blocks           = (known after apply)
      + dns_entry             = (known after apply)
      + id                    = (known after apply)
      + ip_address_type       = (known after apply)
      + network_interface_ids = (known after apply)
      + owner_id              = (known after apply)
      + policy                = (known after apply)
      + prefix_list_id        = (known after apply)
      + private_dns_enabled   = true
      + requester_managed     = (known after apply)
      + route_table_ids       = (known after apply)
      + security_group_ids    = (known after apply)
      + service_name          = "com.amazonaws.ap-northeast-2.monitoring"
      + service_region        = (known after apply)
      + state                 = (known after apply)
      + subnet_ids            = (known after apply)
      + tags                  = {
          + "Name" = "gj2026-monitoring-endpoint"
        }
      + tags_all              = {
          + "Name"    = "gj2026-monitoring-endpoint"
          + "Player"  = "wsc"
          + "Project" = "wsc-2026-task1-bastion"
        }
      + vpc_endpoint_type     = "Interface"
      + vpc_id                = (known after apply)

      + dns_options (known after apply)

      + subnet_configuration (known after apply)
    }

  # aws_vpc_endpoint.interface["ssm"] will be created
  + resource "aws_vpc_endpoint" "interface" {
      + arn                   = (known after apply)
      + cidr_blocks           = (known after apply)
      + dns_entry             = (known after apply)
      + id                    = (known after apply)
      + ip_address_type       = (known after apply)
      + network_interface_ids = (known after apply)
      + owner_id              = (known after apply)
      + policy                = (known after apply)
      + prefix_list_id        = (known after apply)
      + private_dns_enabled   = true
      + requester_managed     = (known after apply)
      + route_table_ids       = (known after apply)
      + security_group_ids    = (known after apply)
      + service_name          = "com.amazonaws.ap-northeast-2.ssm"
      + service_region        = (known after apply)
      + state                 = (known after apply)
      + subnet_ids            = (known after apply)
      + tags                  = {
          + "Name" = "gj2026-ssm-endpoint"
        }
      + tags_all              = {
          + "Name"    = "gj2026-ssm-endpoint"
          + "Player"  = "wsc"
          + "Project" = "wsc-2026-task1-bastion"
        }
      + vpc_endpoint_type     = "Interface"
      + vpc_id                = (known after apply)

      + dns_options (known after apply)

      + subnet_configuration (known after apply)
    }

  # aws_vpc_endpoint.interface["ssmmessages"] will be created
  + resource "aws_vpc_endpoint" "interface" {
      + arn                   = (known after apply)
      + cidr_blocks           = (known after apply)
      + dns_entry             = (known after apply)
      + id                    = (known after apply)
      + ip_address_type       = (known after apply)
      + network_interface_ids = (known after apply)
      + owner_id              = (known after apply)
      + policy                = (known after apply)
      + prefix_list_id        = (known after apply)
      + private_dns_enabled   = true
      + requester_managed     = (known after apply)
      + route_table_ids       = (known after apply)
      + security_group_ids    = (known after apply)
      + service_name          = "com.amazonaws.ap-northeast-2.ssmmessages"
      + service_region        = (known after apply)
      + state                 = (known after apply)
      + subnet_ids            = (known after apply)
      + tags                  = {
          + "Name" = "gj2026-ssmmessages-endpoint"
        }
      + tags_all              = {
          + "Name"    = "gj2026-ssmmessages-endpoint"
          + "Player"  = "wsc"
          + "Project" = "wsc-2026-task1-bastion"
        }
      + vpc_endpoint_type     = "Interface"
      + vpc_id                = (known after apply)

      + dns_options (known after apply)

      + subnet_configuration (known after apply)
    }

  # aws_vpc_endpoint.interface["sts"] will be created
  + resource "aws_vpc_endpoint" "interface" {
      + arn                   = (known after apply)
      + cidr_blocks           = (known after apply)
      + dns_entry             = (known after apply)
      + id                    = (known after apply)
      + ip_address_type       = (known after apply)
      + network_interface_ids = (known after apply)
      + owner_id              = (known after apply)
      + policy                = (known after apply)
      + prefix_list_id        = (known after apply)
      + private_dns_enabled   = true
      + requester_managed     = (known after apply)
      + route_table_ids       = (known after apply)
      + security_group_ids    = (known after apply)
      + service_name          = "com.amazonaws.ap-northeast-2.sts"
      + service_region        = (known after apply)
      + state                 = (known after apply)
      + subnet_ids            = (known after apply)
      + tags                  = {
          + "Name" = "gj2026-sts-endpoint"
        }
      + tags_all              = {
          + "Name"    = "gj2026-sts-endpoint"
          + "Player"  = "wsc"
          + "Project" = "wsc-2026-task1-bastion"
        }
      + vpc_endpoint_type     = "Interface"
      + vpc_id                = (known after apply)

      + dns_options (known after apply)

      + subnet_configuration (known after apply)
    }

  # aws_vpc_endpoint.s3 will be created
  + resource "aws_vpc_endpoint" "s3" {
      + arn                   = (known after apply)
      + cidr_blocks           = (known after apply)
      + dns_entry             = (known after apply)
      + id                    = (known after apply)
      + ip_address_type       = (known after apply)
      + network_interface_ids = (known after apply)
      + owner_id              = (known after apply)
      + policy                = (known after apply)
      + prefix_list_id        = (known after apply)
      + private_dns_enabled   = (known after apply)
      + requester_managed     = (known after apply)
      + route_table_ids       = (known after apply)
      + security_group_ids    = (known after apply)
      + service_name          = "com.amazonaws.ap-northeast-2.s3"
      + service_region        = (known after apply)
      + state                 = (known after apply)
      + subnet_ids            = (known after apply)
      + tags                  = {
          + "Name" = "gj2026-s3-endpoint"
        }
      + tags_all              = {
          + "Name"    = "gj2026-s3-endpoint"
          + "Player"  = "wsc"
          + "Project" = "wsc-2026-task1-bastion"
        }
      + vpc_endpoint_type     = "Gateway"
      + vpc_id                = (known after apply)

      + dns_options (known after apply)

      + subnet_configuration (known after apply)
    }

Plan: 34 to add, 0 to change, 0 to destroy.

Changes to Outputs:
  ~ bastion_instance_id = "i-0b710cdb7b7267cb0" -> (known after apply)
  ~ next_steps          = <<-EOT
        ── 다음 단계 ────────────────────────────────────────────────
        1) Bastion 접속:
             aws ssm start-session --target i-0b710cdb7b7267cb0 --region ap-northeast-2
        
        2) 부트스트랩 완료 대기 (READY 파일 생성될 때까지, 보통 1~2분):
             until [ -f /opt/task1/READY ]; do echo waiting...; sleep 5; done
        
        3) main 인프라 한 번에 배포 (docker build/push 포함):
             bash /opt/task1/run.sh
        
        4) 채점 직전(★): 로컬 PowerShell 에서 Bastion 만 제거
             cd bastion; terraform destroy -auto-approve
        ─────────────────────────────────────────────────────────────
    EOT -> (known after apply)
  ~ ssm_connect_command = "aws ssm start-session --target i-0b710cdb7b7267cb0 --region ap-northeast-2" -> (known after apply)
aws_vpc.vpc: Creating...
aws_vpc.bn: Creating...
aws_s3_object.task1_bundle: Creating...
aws_s3_object.task1_bundle: Creation complete after 0s [id=task1-bundle.zip]
aws_vpc.vpc: Still creating... [00m10s elapsed]
aws_vpc.bn: Still creating... [00m10s elapsed]
aws_vpc.bn: Creation complete after 11s [id=vpc-055de125565885274]
aws_internet_gateway.bn: Creating...
aws_subnet.bn: Creating...
aws_security_group.bastion: Creating...
aws_vpc.vpc: Creation complete after 11s [id=vpc-073196aa4596f5586]
aws_internet_gateway.igw: Creating...
aws_route_table.private_a: Creating...
aws_subnet.private_a: Creating...
aws_subnet.private_b: Creating...
aws_route_table.private_b: Creating...
aws_security_group.eks_cluster: Creating...
aws_security_group.vpce: Creating...
aws_internet_gateway.bn: Creation complete after 1s [id=igw-0374d13cfde21a97b]
aws_security_group.alb: Creating...
aws_internet_gateway.igw: Creation complete after 1s [id=igw-0347d25eb71d96f16]
aws_route_table.bn: Creating...
aws_route_table.private_b: Creation complete after 1s [id=rtb-023a497446a9cea30]
aws_route_table.private_a: Creation complete after 1s [id=rtb-083ff57e6d914afc8]
aws_vpc_endpoint.s3: Creating...
aws_vpc_endpoint.dynamodb: Creating...
aws_route_table.bn: Creation complete after 1s [id=rtb-0c383739680b97a5b]
aws_security_group.bastion: Creation complete after 2s [id=sg-003ff15d935cda1fd]
aws_security_group.vpce: Creation complete after 2s [id=sg-0a425132c5d4b9f4c]
aws_security_group.eks_cluster: Creation complete after 2s [id=sg-0c6275d80c4b1e808]
aws_security_group.alb: Creation complete after 1s [id=sg-0755601048b9cb571]
aws_vpc_endpoint.s3: Creation complete after 6s [id=vpce-04ca4abdb42743e48]
aws_vpc_endpoint.dynamodb: Creation complete after 6s [id=vpce-02dd9a58a6c3a544d]
aws_subnet.bn: Still creating... [00m10s elapsed]
aws_subnet.private_a: Still creating... [00m10s elapsed]
aws_subnet.private_b: Still creating... [00m10s elapsed]
aws_subnet.bn: Creation complete after 11s [id=subnet-07d324d8a3255a3a8]
aws_route_table_association.bn: Creating...
aws_instance.bastion: Creating...
aws_subnet.private_a: Creation complete after 11s [id=subnet-01d3b4fdf5efc70f0]
aws_route_table_association.private_a: Creating...
aws_subnet.private_b: Creation complete after 11s [id=subnet-035c36b79c72faebf]
aws_route_table_association.private_b: Creating...
aws_vpc_endpoint.interface["logs"]: Creating...
aws_vpc_endpoint.interface["ssmmessages"]: Creating...
aws_vpc_endpoint.interface["ec2"]: Creating...
aws_vpc_endpoint.interface["elasticloadbalancing"]: Creating...
aws_vpc_endpoint.interface["ecr.dkr"]: Creating...
aws_vpc_endpoint.interface["autoscaling"]: Creating...
aws_route_table_association.bn: Creation complete after 0s [id=rtbassoc-036026e690871a856]
aws_vpc_endpoint.interface["eks-auth"]: Creating...
aws_route_table_association.private_a: Creation complete after 0s [id=rtbassoc-0144ce08d0b583355]
aws_vpc_endpoint.interface["eks"]: Creating...
aws_route_table_association.private_b: Creation complete after 0s [id=rtbassoc-085c7cff10d85adc6]
aws_vpc_endpoint.interface["ssm"]: Creating...
aws_instance.bastion: Still creating... [00m10s elapsed]
aws_vpc_endpoint.interface["elasticloadbalancing"]: Still creating... [00m10s elapsed]
aws_vpc_endpoint.interface["ecr.dkr"]: Still creating... [00m10s elapsed]
aws_vpc_endpoint.interface["logs"]: Still creating... [00m10s elapsed]
aws_vpc_endpoint.interface["ssmmessages"]: Still creating... [00m10s elapsed]
aws_vpc_endpoint.interface["ec2"]: Still creating... [00m10s elapsed]
aws_vpc_endpoint.interface["autoscaling"]: Still creating... [00m10s elapsed]
aws_vpc_endpoint.interface["eks-auth"]: Still creating... [00m10s elapsed]
aws_vpc_endpoint.interface["eks"]: Still creating... [00m10s elapsed]
aws_vpc_endpoint.interface["ssm"]: Still creating... [00m10s elapsed]
aws_instance.bastion: Creation complete after 13s [id=i-0ea4a970aff957475]
aws_vpc_endpoint.interface["ec2messages"]: Creating...
aws_vpc_endpoint.interface["elasticloadbalancing"]: Still creating... [00m20s elapsed]
aws_vpc_endpoint.interface["autoscaling"]: Still creating... [00m20s elapsed]
aws_vpc_endpoint.interface["logs"]: Still creating... [00m20s elapsed]
aws_vpc_endpoint.interface["ecr.dkr"]: Still creating... [00m20s elapsed]
aws_vpc_endpoint.interface["ec2"]: Still creating... [00m20s elapsed]
aws_vpc_endpoint.interface["ssmmessages"]: Still creating... [00m20s elapsed]
aws_vpc_endpoint.interface["eks-auth"]: Still creating... [00m20s elapsed]
aws_vpc_endpoint.interface["eks"]: Still creating... [00m20s elapsed]
aws_vpc_endpoint.interface["ssm"]: Still creating... [00m20s elapsed]
aws_vpc_endpoint.interface["ec2messages"]: Still creating... [00m10s elapsed]
aws_vpc_endpoint.interface["elasticloadbalancing"]: Still creating... [00m30s elapsed]
aws_vpc_endpoint.interface["autoscaling"]: Still creating... [00m30s elapsed]
aws_vpc_endpoint.interface["logs"]: Still creating... [00m30s elapsed]
aws_vpc_endpoint.interface["ecr.dkr"]: Still creating... [00m30s elapsed]
aws_vpc_endpoint.interface["ssmmessages"]: Still creating... [00m30s elapsed]
aws_vpc_endpoint.interface["ec2"]: Still creating... [00m30s elapsed]
aws_vpc_endpoint.interface["eks-auth"]: Still creating... [00m30s elapsed]
aws_vpc_endpoint.interface["eks"]: Still creating... [00m30s elapsed]
aws_vpc_endpoint.interface["ssm"]: Still creating... [00m30s elapsed]
aws_vpc_endpoint.interface["elasticloadbalancing"]: Creation complete after 32s [id=vpce-0af031f1c43248ea0]
aws_vpc_endpoint.interface["ecr.dkr"]: Creation complete after 32s [id=vpce-0f0ddfd7e9c574493]
aws_vpc_endpoint.interface["monitoring"]: Creating...
aws_vpc_endpoint.interface["ecr.api"]: Creating...
aws_vpc_endpoint.interface["ssmmessages"]: Creation complete after 32s [id=vpce-09a0f2e940409f543]
aws_vpc_endpoint.interface["sts"]: Creating...
aws_vpc_endpoint.interface["eks"]: Creation complete after 32s [id=vpce-069a63e4f96f1b448]
aws_vpc_endpoint.interface["ec2messages"]: Still creating... [00m20s elapsed]
aws_vpc_endpoint.interface["autoscaling"]: Still creating... [00m40s elapsed]
aws_vpc_endpoint.interface["logs"]: Still creating... [00m40s elapsed]
aws_vpc_endpoint.interface["ec2"]: Still creating... [00m40s elapsed]
aws_vpc_endpoint.interface["eks-auth"]: Still creating... [00m40s elapsed]
aws_vpc_endpoint.interface["ssm"]: Still creating... [00m40s elapsed]
aws_vpc_endpoint.interface["monitoring"]: Still creating... [00m10s elapsed]
aws_vpc_endpoint.interface["ecr.api"]: Still creating... [00m10s elapsed]
aws_vpc_endpoint.interface["sts"]: Still creating... [00m10s elapsed]
aws_vpc_endpoint.interface["eks-auth"]: Creation complete after 42s [id=vpce-0545da6c21a86e639]
aws_vpc_endpoint.interface["ec2"]: Creation complete after 42s [id=vpce-086edc924b1b958bd]
aws_vpc_endpoint.interface["logs"]: Creation complete after 42s [id=vpce-0ca129a9140e8017c]
aws_vpc_endpoint.interface["autoscaling"]: Creation complete after 42s [id=vpce-0f8aec9d1a256ca9b]
aws_vpc_endpoint.interface["ssm"]: Creation complete after 42s [id=vpce-04844c4df45e5d253]
aws_vpc_endpoint.interface["ec2messages"]: Still creating... [00m30s elapsed]
aws_vpc_endpoint.interface["ecr.api"]: Still creating... [00m20s elapsed]
aws_vpc_endpoint.interface["monitoring"]: Still creating... [00m20s elapsed]
aws_vpc_endpoint.interface["sts"]: Still creating... [00m20s elapsed]
aws_vpc_endpoint.interface["ec2messages"]: Still creating... [00m40s elapsed]
aws_vpc_endpoint.interface["ecr.api"]: Still creating... [00m30s elapsed]
aws_vpc_endpoint.interface["monitoring"]: Still creating... [00m30s elapsed]
aws_vpc_endpoint.interface["sts"]: Still creating... [00m30s elapsed]
aws_vpc_endpoint.interface["ec2messages"]: Still creating... [00m50s elapsed]
aws_vpc_endpoint.interface["ecr.api"]: Creation complete after 32s [id=vpce-036122fbef0b0038d]
aws_vpc_endpoint.interface["monitoring"]: Still creating... [00m40s elapsed]
aws_vpc_endpoint.interface["sts"]: Still creating... [00m40s elapsed]
aws_vpc_endpoint.interface["ec2messages"]: Still creating... [01m00s elapsed]
aws_vpc_endpoint.interface["sts"]: Creation complete after 42s [id=vpce-0dc2208b409947d2b]
aws_vpc_endpoint.interface["monitoring"]: Creation complete after 42s [id=vpce-03a591c726599e318]
aws_vpc_endpoint.interface["ec2messages"]: Creation complete after 1m8s [id=vpce-0562c393f3d430dac]

Apply complete! Resources: 34 added, 0 changed, 0 destroyed.

Outputs:

bastion_instance_id = "i-0ea4a970aff957475"
bootstrap_bucket = "wsc-task1-bootstrap-640107381732"
next_steps = <<EOT

── 다음 단계 ────────────────────────────────────────────────
1) Bastion 접속:
     aws ssm start-session --target i-0ea4a970aff957475 --region ap-northeast-2

2) 부트스트랩 완료 대기 (READY 파일 생성될 때까지, 보통 1~2분):
     until [ -f /opt/task1/READY ]; do echo waiting...; sleep 5; done

3) main 인프라 한 번에 배포 (docker build/push 포함):
     bash /opt/task1/run.sh

4) 채점 직전(★): 로컬 PowerShell 에서 Bastion 만 제거
     cd bastion; terraform destroy -auto-approve
─────────────────────────────────────────────────────────────

EOT
ssm_connect_command = "aws ssm start-session --target i-0ea4a970aff957475 --region ap-northeast-2"
