tls_private_key.bastion: Refreshing state... [id=98dddeed6ab53320b69fc48d8d729d42ee6c87fd]
local_file.bastion_key: Refreshing state... [id=8b307343649140c2c92188edead38c506d3672f7]
aws_key_pair.bastion: Refreshing state... [id=skills-bastion-key]
data.aws_ami.amazon_linux: Reading...
data.aws_availability_zones.az: Reading...
aws_eip.nat: Refreshing state... [id=eipalloc-0cf22e8ecd13eb54f]
aws_vpc.main: Refreshing state... [id=vpc-0672e606c2275a4c4]
aws_iam_role.bastion: Refreshing state... [id=skills-bastion-role]
data.aws_availability_zones.az: Read complete after 1s [id=ap-northeast-2]
data.aws_ami.amazon_linux: Read complete after 1s [id=ami-00a11b181487a3ff6]
aws_internet_gateway.main: Refreshing state... [id=igw-0ec0d82005717bf3c]
aws_subnet.private[0]: Refreshing state... [id=subnet-053d05705fcdd02de]
aws_subnet.private[1]: Refreshing state... [id=subnet-08e85c0ab0434fe00]
aws_subnet.public[1]: Refreshing state... [id=subnet-0188a2fe261d1a059]
aws_subnet.public[0]: Refreshing state... [id=subnet-005bd293bcb5b2fbc]
aws_security_group.bastion: Refreshing state... [id=sg-0ee3e4a0ff800a054]
aws_route_table.public: Refreshing state... [id=rtb-07cecebf5a9da62a8]
aws_route_table_association.public[0]: Refreshing state... [id=rtbassoc-0e5a677a41faf5147]
aws_route_table_association.public[1]: Refreshing state... [id=rtbassoc-0de39a7f39e0fe835]
aws_nat_gateway.main: Refreshing state... [id=nat-018f2a31da9b2cee4]
aws_route_table.private: Refreshing state... [id=rtb-0fb81f232c0afa473]
aws_route_table_association.private[0]: Refreshing state... [id=rtbassoc-03a6581f411edbc71]
aws_route_table_association.private[1]: Refreshing state... [id=rtbassoc-04216119c7737567e]
aws_vpc_endpoint.dynamodb: Refreshing state... [id=vpce-0ea923179b0bd32f3]
aws_iam_role_policy_attachment.bastion_admin: Refreshing state... [id=skills-bastion-role-20260701162947078500000001]
aws_iam_instance_profile.bastion: Refreshing state... [id=skills-bastion-profile]
aws_instance.bastion: Refreshing state... [id=i-07362e8395d6d3199]

Terraform used the selected providers to generate the following execution
plan. Resource actions are indicated with the following symbols:
  - destroy

Terraform will perform the following actions:

  # aws_eip.nat will be destroyed
  - resource "aws_eip" "nat" {
      - allocation_id            = "eipalloc-0cf22e8ecd13eb54f" -> null
      - arn                      = "arn:aws:ec2:ap-northeast-2:640107381732:elastic-ip/eipalloc-0cf22e8ecd13eb54f" -> null
      - association_id           = "eipassoc-0d408cbdd47d6470f" -> null
      - domain                   = "vpc" -> null
      - id                       = "eipalloc-0cf22e8ecd13eb54f" -> null
      - network_border_group     = "ap-northeast-2" -> null
      - network_interface        = "eni-06b0a24462180fada" -> null
      - private_dns              = "ip-10-0-0-136.ap-northeast-2.compute.internal" -> null
      - private_ip               = "10.0.0.136" -> null
      - public_dns               = "ec2-54-180-54-236.ap-northeast-2.compute.amazonaws.com" -> null
      - public_ip                = "54.180.54.236" -> null
      - public_ipv4_pool         = "amazon" -> null
      - tags                     = {} -> null
      - tags_all                 = {} -> null
      - vpc                      = true -> null
        # (5 unchanged attributes hidden)
    }

  # aws_iam_instance_profile.bastion will be destroyed
  - resource "aws_iam_instance_profile" "bastion" {
      - arn         = "arn:aws:iam::640107381732:instance-profile/skills-bastion-profile" -> null
      - create_date = "2025-10-31T09:55:54Z" -> null
      - id          = "skills-bastion-profile" -> null
      - name        = "skills-bastion-profile" -> null
      - path        = "/" -> null
      - role        = "skills-bastion-role" -> null
      - tags        = {} -> null
      - tags_all    = {} -> null
      - unique_id   = "AIPAZKCK7QPSAEPNZOKKV" -> null
        # (1 unchanged attribute hidden)
    }

  # aws_iam_role.bastion will be destroyed
  - resource "aws_iam_role" "bastion" {
      - arn                   = "arn:aws:iam::640107381732:role/skills-bastion-role" -> null
      - assume_role_policy    = jsonencode(
            {
              - Statement = [
                  - {
                      - Action    = "sts:AssumeRole"
                      - Effect    = "Allow"
                      - Principal = {
                          - Service = "ec2.amazonaws.com"
                        }
                    },
                ]
              - Version   = "2012-10-17"
            }
        ) -> null
      - create_date           = "2026-07-01T16:29:45Z" -> null
      - force_detach_policies = false -> null
      - id                    = "skills-bastion-role" -> null
      - managed_policy_arns   = [
          - "arn:aws:iam::aws:policy/AdministratorAccess",
        ] -> null
      - max_session_duration  = 3600 -> null
      - name                  = "skills-bastion-role" -> null
      - path                  = "/" -> null
      - tags                  = {} -> null
      - tags_all              = {} -> null
      - unique_id             = "AROAZKCK7QPSLOGTLN4LG" -> null
        # (3 unchanged attributes hidden)
    }

  # aws_iam_role_policy_attachment.bastion_admin will be destroyed
  - resource "aws_iam_role_policy_attachment" "bastion_admin" {
      - id         = "skills-bastion-role-20260701162947078500000001" -> null
      - policy_arn = "arn:aws:iam::aws:policy/AdministratorAccess" -> null
      - role       = "skills-bastion-role" -> null
    }

  # aws_instance.bastion will be destroyed
  - resource "aws_instance" "bastion" {
      - ami                                  = "ami-00a11b181487a3ff6" -> null
      - arn                                  = "arn:aws:ec2:ap-northeast-2:640107381732:instance/i-07362e8395d6d3199" -> null
      - associate_public_ip_address          = true -> null
      - availability_zone                    = "ap-northeast-2a" -> null
      - cpu_core_count                       = 1 -> null
      - cpu_threads_per_core                 = 2 -> null
      - disable_api_stop                     = false -> null
      - disable_api_termination              = false -> null
      - ebs_optimized                        = false -> null
      - get_password_data                    = false -> null
      - hibernation                          = false -> null
      - iam_instance_profile                 = "skills-bastion-profile" -> null
      - id                                   = "i-07362e8395d6d3199" -> null
      - instance_initiated_shutdown_behavior = "stop" -> null
      - instance_state                       = "running" -> null
      - instance_type                        = "t3.small" -> null
      - ipv6_address_count                   = 0 -> null
      - ipv6_addresses                       = [] -> null
      - key_name                             = "skills-bastion-key" -> null
      - monitoring                           = false -> null
      - placement_partition_number           = 0 -> null
      - primary_network_interface_id         = "eni-0fd7598a5a6eb12bc" -> null
      - private_dns                          = "ip-10-0-0-27.ap-northeast-2.compute.internal" -> null
      - private_ip                           = "10.0.0.27" -> null
      - public_dns                           = "ec2-43-203-121-162.ap-northeast-2.compute.amazonaws.com" -> null
      - public_ip                            = "43.203.121.162" -> null
      - secondary_private_ips                = [] -> null
      - security_groups                      = [] -> null
      - source_dest_check                    = true -> null
      - subnet_id                            = "subnet-005bd293bcb5b2fbc" -> null
      - tags                                 = {
          - "Name" = "skills-bastion"
        } -> null
      - tags_all                             = {
          - "Name" = "skills-bastion"
        } -> null
      - tenancy                              = "default" -> null
      - user_data_replace_on_change          = false -> null
      - vpc_security_group_ids               = [
          - "sg-0ee3e4a0ff800a054",
        ] -> null
        # (6 unchanged attributes hidden)

      - capacity_reservation_specification {
          - capacity_reservation_preference = "open" -> null
        }

      - cpu_options {
          - core_count       = 1 -> null
          - threads_per_core = 2 -> null
            # (1 unchanged attribute hidden)
        }

      - credit_specification {
          - cpu_credits = "unlimited" -> null
        }

      - enclave_options {
          - enabled = false -> null
        }

      - maintenance_options {
          - auto_recovery = "default" -> null
        }

      - metadata_options {
          - http_endpoint               = "enabled" -> null
          - http_protocol_ipv6          = "disabled" -> null
          - http_put_response_hop_limit = 2 -> null
          - http_tokens                 = "required" -> null
          - instance_metadata_tags      = "disabled" -> null
        }

      - private_dns_name_options {
          - enable_resource_name_dns_a_record    = false -> null
          - enable_resource_name_dns_aaaa_record = false -> null
          - hostname_type                        = "ip-name" -> null
        }

      - root_block_device {
          - delete_on_termination = true -> null
          - device_name           = "/dev/xvda" -> null
          - encrypted             = false -> null
          - iops                  = 3000 -> null
          - tags                  = {} -> null
          - tags_all              = {} -> null
          - throughput            = 125 -> null
          - volume_id             = "vol-043fe9c3071f071ff" -> null
          - volume_size           = 20 -> null
          - volume_type           = "gp3" -> null
            # (1 unchanged attribute hidden)
        }
    }

  # aws_internet_gateway.main will be destroyed
  - resource "aws_internet_gateway" "main" {
      - arn      = "arn:aws:ec2:ap-northeast-2:640107381732:internet-gateway/igw-0ec0d82005717bf3c" -> null
      - id       = "igw-0ec0d82005717bf3c" -> null
      - owner_id = "640107381732" -> null
      - tags     = {
          - "Name" = "skills-book-igw"
        } -> null
      - tags_all = {
          - "Name" = "skills-book-igw"
        } -> null
      - vpc_id   = "vpc-0672e606c2275a4c4" -> null
    }

  # aws_key_pair.bastion will be destroyed
  - resource "aws_key_pair" "bastion" {
      - arn             = "arn:aws:ec2:ap-northeast-2:640107381732:key-pair/skills-bastion-key" -> null
      - fingerprint     = "74:58:fc:d7:3c:b0:e5:ed:ae:11:3e:14:72:3b:44:04" -> null
      - id              = "skills-bastion-key" -> null
      - key_name        = "skills-bastion-key" -> null
      - key_pair_id     = "key-00ede94948623e163" -> null
      - key_type        = "rsa" -> null
      - public_key      = "ssh-rsa AAAAB3NzaC1yc2EAAAADAQABAAACAQDnumgTS2XiFoZ9czIdxPhTdb8v5s+Grh61qtFt2AbuYSGiP/YpuNQwCO+l05bmoKi0/NrGwsZ2vFRW7CsVmOz1KDKf+tquFjVlFVKRrjq2DzmgLL55cSxAPdN5jqGG49MInSBNFKbsJk3w8wz+0JtAHZpZnNLmXPT2Fd4KpLPISQll665OFXUEHAI3BOCYUI/nOAbp6Qq9QoL2e53JC/4jTj36sWjA+IBESCRj4mvglcobM+IWxUW8N/2hNgenUqgSPD50zmv+e7adt28fLHMAI6mi3MyLanW4Jhazw4UddMYjvWjSfF00CWPz3c4i5sVMnQih6lHdoWUu+pO6EfO7MwGjbYXRlZDQo5UwplhshHbEP2U3MdK7Iby07mWTSmQt/BB24CfLX9ltRzOLfIitVKXZqv2Y4Gi5M9Sq3YElV+BncPsjM5Gj0k5w/hBsU2a/yzdVlpxWz+iQVl+zj43jAmfCiOoUYtvxD+tY3lLCNH312ipFkgdMYA8t+wKuP/VkRNVT9U/Rq1N0Pt2zlSgC1/AKZ2nc6QrynEN6n0+MJ+vXrbsCd6ixaSoOTtT5P2Kvtn/aDBafAkF2o61wNO1Iy9C4Y/tR+J5qnO3OTSBR6puLEDHzkdhFEOle0PXaE1enY463xgO2XLIluHPOBiZWqWqznRss/ukXJi4A5JQeKw==" -> null
      - tags            = {} -> null
      - tags_all        = {} -> null
        # (1 unchanged attribute hidden)
    }

  # aws_nat_gateway.main will be destroyed
  - resource "aws_nat_gateway" "main" {
      - allocation_id                      = "eipalloc-0cf22e8ecd13eb54f" -> null
      - association_id                     = "eipassoc-0d408cbdd47d6470f" -> null
      - connectivity_type                  = "public" -> null
      - id                                 = "nat-018f2a31da9b2cee4" -> null
      - network_interface_id               = "eni-06b0a24462180fada" -> null
      - private_ip                         = "10.0.0.136" -> null
      - public_ip                          = "54.180.54.236" -> null
      - secondary_allocation_ids           = [] -> null
      - secondary_private_ip_address_count = 0 -> null
      - secondary_private_ip_addresses     = [] -> null
      - subnet_id                          = "subnet-005bd293bcb5b2fbc" -> null
      - tags                               = {} -> null
      - tags_all                           = {} -> null
    }

  # aws_route_table.private will be destroyed
  - resource "aws_route_table" "private" {
      - arn              = "arn:aws:ec2:ap-northeast-2:640107381732:route-table/rtb-0fb81f232c0afa473" -> null
      - id               = "rtb-0fb81f232c0afa473" -> null
      - owner_id         = "640107381732" -> null
      - propagating_vgws = [] -> null
      - route            = [
          - {
              - cidr_block                 = "0.0.0.0/0"
              - nat_gateway_id             = "nat-018f2a31da9b2cee4"
                # (11 unchanged attributes hidden)
            },
        ] -> null
      - tags             = {
          - "Name" = "skills-book-private-rt"
        } -> null
      - tags_all         = {
          - "Name" = "skills-book-private-rt"
        } -> null
      - vpc_id           = "vpc-0672e606c2275a4c4" -> null
    }

  # aws_route_table.public will be destroyed
  - resource "aws_route_table" "public" {
      - arn              = "arn:aws:ec2:ap-northeast-2:640107381732:route-table/rtb-07cecebf5a9da62a8" -> null
      - id               = "rtb-07cecebf5a9da62a8" -> null
      - owner_id         = "640107381732" -> null
      - propagating_vgws = [] -> null
      - route            = [
          - {
              - cidr_block                 = "0.0.0.0/0"
              - gateway_id                 = "igw-0ec0d82005717bf3c"
                # (11 unchanged attributes hidden)
            },
        ] -> null
      - tags             = {
          - "Name" = "skills-book-public-rt"
        } -> null
      - tags_all         = {
          - "Name" = "skills-book-public-rt"
        } -> null
      - vpc_id           = "vpc-0672e606c2275a4c4" -> null
    }

  # aws_route_table_association.private[0] will be destroyed
  - resource "aws_route_table_association" "private" {
      - id             = "rtbassoc-03a6581f411edbc71" -> null
      - route_table_id = "rtb-0fb81f232c0afa473" -> null
      - subnet_id      = "subnet-053d05705fcdd02de" -> null
        # (1 unchanged attribute hidden)
    }

  # aws_route_table_association.private[1] will be destroyed
  - resource "aws_route_table_association" "private" {
      - id             = "rtbassoc-04216119c7737567e" -> null
      - route_table_id = "rtb-0fb81f232c0afa473" -> null
      - subnet_id      = "subnet-08e85c0ab0434fe00" -> null
        # (1 unchanged attribute hidden)
    }

  # aws_route_table_association.public[0] will be destroyed
  - resource "aws_route_table_association" "public" {
      - id             = "rtbassoc-0e5a677a41faf5147" -> null
      - route_table_id = "rtb-07cecebf5a9da62a8" -> null
      - subnet_id      = "subnet-005bd293bcb5b2fbc" -> null
        # (1 unchanged attribute hidden)
    }

  # aws_route_table_association.public[1] will be destroyed
  - resource "aws_route_table_association" "public" {
      - id             = "rtbassoc-0de39a7f39e0fe835" -> null
      - route_table_id = "rtb-07cecebf5a9da62a8" -> null
      - subnet_id      = "subnet-0188a2fe261d1a059" -> null
        # (1 unchanged attribute hidden)
    }

  # aws_security_group.bastion will be destroyed
  - resource "aws_security_group" "bastion" {
      - arn                    = "arn:aws:ec2:ap-northeast-2:640107381732:security-group/sg-0ee3e4a0ff800a054" -> null
      - description            = "Managed by Terraform" -> null
      - egress                 = [
          - {
              - cidr_blocks      = [
                  - "0.0.0.0/0",
                ]
              - from_port        = 0
              - ipv6_cidr_blocks = []
              - prefix_list_ids  = []
              - protocol         = "-1"
              - security_groups  = []
              - self             = false
              - to_port          = 0
                # (1 unchanged attribute hidden)
            },
        ] -> null
      - id                     = "sg-0ee3e4a0ff800a054" -> null
      - ingress                = [
          - {
              - cidr_blocks      = [
                  - "0.0.0.0/0",
                ]
              - description      = "SSH"
              - from_port        = 22
              - ipv6_cidr_blocks = []
              - prefix_list_ids  = []
              - protocol         = "tcp"
              - security_groups  = []
              - self             = false
              - to_port          = 22
            },
        ] -> null
      - name                   = "skills-bastion-sg" -> null
      - owner_id               = "640107381732" -> null
      - revoke_rules_on_delete = false -> null
      - tags                   = {
          - "Name" = "skills-bastion-sg"
        } -> null
      - tags_all               = {
          - "Name" = "skills-bastion-sg"
        } -> null
      - vpc_id                 = "vpc-0672e606c2275a4c4" -> null
        # (1 unchanged attribute hidden)
    }

  # aws_subnet.private[0] will be destroyed
  - resource "aws_subnet" "private" {
      - arn                                            = "arn:aws:ec2:ap-northeast-2:640107381732:subnet/subnet-053d05705fcdd02de" -> null
      - assign_ipv6_address_on_creation                = false -> null
      - availability_zone                              = "ap-northeast-2a" -> null
      - availability_zone_id                           = "apne2-az1" -> null
      - cidr_block                                     = "10.0.10.0/24" -> null
      - enable_dns64                                   = false -> null
      - enable_lni_at_device_index                     = 0 -> null
      - enable_resource_name_dns_a_record_on_launch    = false -> null
      - enable_resource_name_dns_aaaa_record_on_launch = false -> null
      - id                                             = "subnet-053d05705fcdd02de" -> null
      - ipv6_native                                    = false -> null
      - map_customer_owned_ip_on_launch                = false -> null
      - map_public_ip_on_launch                        = false -> null
      - owner_id                                       = "640107381732" -> null
      - private_dns_hostname_type_on_launch            = "ip-name" -> null
      - tags                                           = {
          - "Name" = "skills-book-private-1"
        } -> null
      - tags_all                                       = {
          - "Name" = "skills-book-private-1"
        } -> null
      - vpc_id                                         = "vpc-0672e606c2275a4c4" -> null
        # (4 unchanged attributes hidden)
    }

  # aws_subnet.private[1] will be destroyed
  - resource "aws_subnet" "private" {
      - arn                                            = "arn:aws:ec2:ap-northeast-2:640107381732:subnet/subnet-08e85c0ab0434fe00" -> null
      - assign_ipv6_address_on_creation                = false -> null
      - availability_zone                              = "ap-northeast-2b" -> null
      - availability_zone_id                           = "apne2-az2" -> null
      - cidr_block                                     = "10.0.11.0/24" -> null
      - enable_dns64                                   = false -> null
      - enable_lni_at_device_index                     = 0 -> null
      - enable_resource_name_dns_a_record_on_launch    = false -> null
      - enable_resource_name_dns_aaaa_record_on_launch = false -> null
      - id                                             = "subnet-08e85c0ab0434fe00" -> null
      - ipv6_native                                    = false -> null
      - map_customer_owned_ip_on_launch                = false -> null
      - map_public_ip_on_launch                        = false -> null
      - owner_id                                       = "640107381732" -> null
      - private_dns_hostname_type_on_launch            = "ip-name" -> null
      - tags                                           = {
          - "Name" = "skills-book-private-2"
        } -> null
      - tags_all                                       = {
          - "Name" = "skills-book-private-2"
        } -> null
      - vpc_id                                         = "vpc-0672e606c2275a4c4" -> null
        # (4 unchanged attributes hidden)
    }

  # aws_subnet.public[0] will be destroyed
  - resource "aws_subnet" "public" {
      - arn                                            = "arn:aws:ec2:ap-northeast-2:640107381732:subnet/subnet-005bd293bcb5b2fbc" -> null
      - assign_ipv6_address_on_creation                = false -> null
      - availability_zone                              = "ap-northeast-2a" -> null
      - availability_zone_id                           = "apne2-az1" -> null
      - cidr_block                                     = "10.0.0.0/24" -> null
      - enable_dns64                                   = false -> null
      - enable_lni_at_device_index                     = 0 -> null
      - enable_resource_name_dns_a_record_on_launch    = false -> null
      - enable_resource_name_dns_aaaa_record_on_launch = false -> null
      - id                                             = "subnet-005bd293bcb5b2fbc" -> null
      - ipv6_native                                    = false -> null
      - map_customer_owned_ip_on_launch                = false -> null
      - map_public_ip_on_launch                        = true -> null
      - owner_id                                       = "640107381732" -> null
      - private_dns_hostname_type_on_launch            = "ip-name" -> null
      - tags                                           = {
          - "Name" = "skills-book-public-1"
        } -> null
      - tags_all                                       = {
          - "Name" = "skills-book-public-1"
        } -> null
      - vpc_id                                         = "vpc-0672e606c2275a4c4" -> null
        # (4 unchanged attributes hidden)
    }

  # aws_subnet.public[1] will be destroyed
  - resource "aws_subnet" "public" {
      - arn                                            = "arn:aws:ec2:ap-northeast-2:640107381732:subnet/subnet-0188a2fe261d1a059" -> null
      - assign_ipv6_address_on_creation                = false -> null
      - availability_zone                              = "ap-northeast-2b" -> null
      - availability_zone_id                           = "apne2-az2" -> null
      - cidr_block                                     = "10.0.1.0/24" -> null
      - enable_dns64                                   = false -> null
      - enable_lni_at_device_index                     = 0 -> null
      - enable_resource_name_dns_a_record_on_launch    = false -> null
      - enable_resource_name_dns_aaaa_record_on_launch = false -> null
      - id                                             = "subnet-0188a2fe261d1a059" -> null
      - ipv6_native                                    = false -> null
      - map_customer_owned_ip_on_launch                = false -> null
      - map_public_ip_on_launch                        = true -> null
      - owner_id                                       = "640107381732" -> null
      - private_dns_hostname_type_on_launch            = "ip-name" -> null
      - tags                                           = {
          - "Name" = "skills-book-public-2"
        } -> null
      - tags_all                                       = {
          - "Name" = "skills-book-public-2"
        } -> null
      - vpc_id                                         = "vpc-0672e606c2275a4c4" -> null
        # (4 unchanged attributes hidden)
    }

  # aws_vpc.main will be destroyed
  - resource "aws_vpc" "main" {
      - arn                                  = "arn:aws:ec2:ap-northeast-2:640107381732:vpc/vpc-0672e606c2275a4c4" -> null
      - assign_generated_ipv6_cidr_block     = false -> null
      - cidr_block                           = "10.0.0.0/16" -> null
      - default_network_acl_id               = "acl-0c957552b5cf51bb5" -> null
      - default_route_table_id               = "rtb-095ad78ccc6d08759" -> null
      - default_security_group_id            = "sg-0f3071d5d3eba6b32" -> null
      - dhcp_options_id                      = "dopt-050af7ff86dd5c278" -> null
      - enable_dns_hostnames                 = true -> null
      - enable_dns_support                   = true -> null
      - enable_network_address_usage_metrics = false -> null
      - id                                   = "vpc-0672e606c2275a4c4" -> null
      - instance_tenancy                     = "default" -> null
      - ipv6_netmask_length                  = 0 -> null
      - main_route_table_id                  = "rtb-095ad78ccc6d08759" -> null
      - owner_id                             = "640107381732" -> null
      - tags                                 = {
          - "Name" = "skills-book-vpc"
        } -> null
      - tags_all                             = {
          - "Name" = "skills-book-vpc"
        } -> null
        # (4 unchanged attributes hidden)
    }

  # aws_vpc_endpoint.dynamodb will be destroyed
  - resource "aws_vpc_endpoint" "dynamodb" {
      - arn                        = "arn:aws:ec2:ap-northeast-2:640107381732:vpc-endpoint/vpce-0ea923179b0bd32f3" -> null
      - cidr_blocks                = [
          - "35.71.109.0/24",
          - "52.94.6.0/24",
        ] -> null
      - dns_entry                  = [] -> null
      - id                         = "vpce-0ea923179b0bd32f3" -> null
      - ip_address_type            = "ipv4" -> null
      - network_interface_ids      = [] -> null
      - owner_id                   = "640107381732" -> null
      - policy                     = jsonencode(
            {
              - Statement = [
                  - {
                      - Action    = "*"
                      - Effect    = "Allow"
                      - Principal = "*"
                      - Resource  = "*"
                    },
                ]
              - Version   = "2008-10-17"
            }
        ) -> null
      - prefix_list_id             = "pl-48a54021" -> null
      - private_dns_enabled        = false -> null
      - requester_managed          = false -> null
      - route_table_ids            = [
          - "rtb-0fb81f232c0afa473",
        ] -> null
      - security_group_ids         = [] -> null
      - service_name               = "com.amazonaws.ap-northeast-2.dynamodb" -> null
      - service_region             = "ap-northeast-2" -> null
      - state                      = "available" -> null
      - subnet_ids                 = [] -> null
      - tags                       = {} -> null
      - tags_all                   = {} -> null
      - vpc_endpoint_type          = "Gateway" -> null
      - vpc_id                     = "vpc-0672e606c2275a4c4" -> null
        # (2 unchanged attributes hidden)

      - dns_options {
          - dns_record_ip_type                             = "service-defined" -> null
          - private_dns_only_for_inbound_resolver_endpoint = false -> null
        }
    }

  # local_file.bastion_key will be destroyed
  - resource "local_file" "bastion_key" {
      - content              = (sensitive value) -> null
      - content_base64sha256 = "VUrTJfBLisCoACGJ8P1AoJgVzJbY18JnEy9+IOJ/aRY=" -> null
      - content_base64sha512 = "EMXumLXTz1WLOUuXDwYxiecllpez3QQveBLe8RffrhOQDSF7Wu8dTz+p3yq2/wjeF9vLgc0PvcUu2VqkOBVW1w==" -> null
      - content_md5          = "c69b5c9020358d364f03031cd3aefa9b" -> null
      - content_sha1         = "8b307343649140c2c92188edead38c506d3672f7" -> null
      - content_sha256       = "554ad325f04b8ac0a8002189f0fd40a09815cc96d8d7c267132f7e20e27f6916" -> null
      - content_sha512       = "10c5ee98b5d3cf558b394b970f063189e7259697b3dd042f7812def117dfae13900d217b5aef1d4f3fa9df2ab6ff08de17dbcb81cd0fbdc52ed95aa4381556d7" -> null
      - directory_permission = "0777" -> null
      - file_permission      = "0600" -> null
      - filename             = "./bastion-key.pem" -> null
      - id                   = "8b307343649140c2c92188edead38c506d3672f7" -> null
    }

  # tls_private_key.bastion will be destroyed
  - resource "tls_private_key" "bastion" {
      - algorithm                     = "RSA" -> null
      - ecdsa_curve                   = "P224" -> null
      - id                            = "98dddeed6ab53320b69fc48d8d729d42ee6c87fd" -> null
      - private_key_openssh           = (sensitive value) -> null
      - private_key_pem               = (sensitive value) -> null
      - private_key_pem_pkcs8         = (sensitive value) -> null
      - public_key_fingerprint_md5    = "24:cb:af:a2:72:5a:c5:9f:21:8e:c3:6e:f7:5e:f1:1c" -> null
      - public_key_fingerprint_sha256 = "SHA256:zFRkCttv5AIueCCoL5g+Fobl2+VTh0aCQ/ur2yk3/NM" -> null
      - public_key_openssh            = <<-EOT
            ssh-rsa AAAAB3NzaC1yc2EAAAADAQABAAACAQDnumgTS2XiFoZ9czIdxPhTdb8v5s+Grh61qtFt2AbuYSGiP/YpuNQwCO+l05bmoKi0/NrGwsZ2vFRW7CsVmOz1KDKf+tquFjVlFVKRrjq2DzmgLL55cSxAPdN5jqGG49MInSBNFKbsJk3w8wz+0JtAHZpZnNLmXPT2Fd4KpLPISQll665OFXUEHAI3BOCYUI/nOAbp6Qq9QoL2e53JC/4jTj36sWjA+IBESCRj4mvglcobM+IWxUW8N/2hNgenUqgSPD50zmv+e7adt28fLHMAI6mi3MyLanW4Jhazw4UddMYjvWjSfF00CWPz3c4i5sVMnQih6lHdoWUu+pO6EfO7MwGjbYXRlZDQo5UwplhshHbEP2U3MdK7Iby07mWTSmQt/BB24CfLX9ltRzOLfIitVKXZqv2Y4Gi5M9Sq3YElV+BncPsjM5Gj0k5w/hBsU2a/yzdVlpxWz+iQVl+zj43jAmfCiOoUYtvxD+tY3lLCNH312ipFkgdMYA8t+wKuP/VkRNVT9U/Rq1N0Pt2zlSgC1/AKZ2nc6QrynEN6n0+MJ+vXrbsCd6ixaSoOTtT5P2Kvtn/aDBafAkF2o61wNO1Iy9C4Y/tR+J5qnO3OTSBR6puLEDHzkdhFEOle0PXaE1enY463xgO2XLIluHPOBiZWqWqznRss/ukXJi4A5JQeKw==
        EOT -> null
      - public_key_pem                = <<-EOT
            -----BEGIN PUBLIC KEY-----
            MIICIjANBgkqhkiG9w0BAQEFAAOCAg8AMIICCgKCAgEA57poE0tl4haGfXMyHcT4
            U3W/L+bPhq4etarRbdgG7mEhoj/2KbjUMAjvpdOW5qCotPzaxsLGdrxUVuwrFZjs
            9Sgyn/rarhY1ZRVSka46tg85oCy+eXEsQD3TeY6hhuPTCJ0gTRSm7CZN8PMM/tCb
            QB2aWZzS5lz09hXeCqSzyEkJZeuuThV1BBwCNwTgmFCP5zgG6ekKvUKC9nudyQv+
            I049+rFowPiAREgkY+Jr4JXKGzPiFsVFvDf9oTYHp1KoEjw+dM5r/nu2nbdvHyxz
            ACOpotzMi2p1uCYWs8OFHXTGI71o0nxdNAlj893OIubFTJ0IoepR3aFlLvqTuhHz
            uzMBo22F0ZWQ0KOVMKZYbIR2xD9lNzHSuyG8tO5lk0pkLfwQduAny1/ZbUczi3yI
            rVSl2ar9mOBouTPUqt2BJVfgZ3D7IzORo9JOcP4QbFNmv8s3VZacVs/okFZfs4+N
            4wJnwojqFGLb8Q/rWN5SwjR99doqRZIHTGAPLfsCrj/1ZETVU/VP0atTdD7ds5Uo
            AtfwCmdp3OkK8pxDep9PjCfr1627AneosWkqDk7U+T9ir7Z/2gwWnwJBdqOtcDTt
            SMvQuGP7Ufieapztzk0gUeqbixAx85HYRRDpXtD12hNXp2OOt8YDtlyyJbhzzgYm
            Vqlqs50bLP7pFyYuAOSUHisCAwEAAQ==
            -----END PUBLIC KEY-----
        EOT -> null
      - rsa_bits                      = 4096 -> null
    }

Plan: 0 to add, 0 to change, 23 to destroy.

Changes to Outputs:
  - bastion_public_ip = "43.203.121.162" -> null
  - next_steps        = <<-EOT
        1) ssh -i bastion-key.pem ec2-user@43.203.121.162
        2) ./apply.sh        # Bastion 안에서 채점 대상 인프라(main) 생성
        3) (선택) main 생성 완료 후 로컬에서 `terraform destroy` 로 Bastion 정리
    EOT -> null
  - ssh_command       = "ssh -i bastion-key.pem ec2-user@43.203.121.162" -> null
local_file.bastion_key: Destroying... [id=8b307343649140c2c92188edead38c506d3672f7]
local_file.bastion_key: Destruction complete after 0s
aws_route_table_association.public[0]: Destroying... [id=rtbassoc-0e5a677a41faf5147]
aws_route_table_association.private[1]: Destroying... [id=rtbassoc-04216119c7737567e]
aws_route_table_association.private[0]: Destroying... [id=rtbassoc-03a6581f411edbc71]
aws_route_table_association.public[1]: Destroying... [id=rtbassoc-0de39a7f39e0fe835]
aws_iam_role_policy_attachment.bastion_admin: Destroying... [id=skills-bastion-role-20260701162947078500000001]
aws_vpc_endpoint.dynamodb: Destroying... [id=vpce-0ea923179b0bd32f3]
aws_instance.bastion: Destroying... [id=i-07362e8395d6d3199]
aws_route_table_association.private[0]: Destruction complete after 0s
aws_route_table_association.public[1]: Destruction complete after 0s
aws_route_table_association.private[1]: Destruction complete after 0s
aws_subnet.private[0]: Destroying... [id=subnet-053d05705fcdd02de]
aws_subnet.private[1]: Destroying... [id=subnet-08e85c0ab0434fe00]
aws_route_table_association.public[0]: Destruction complete after 0s
aws_route_table.public: Destroying... [id=rtb-07cecebf5a9da62a8]
aws_route_table.public: Destruction complete after 1s
aws_iam_role_policy_attachment.bastion_admin: Destruction complete after 1s
aws_subnet.private[1]: Destruction complete after 1s
aws_subnet.private[0]: Destruction complete after 1s
aws_vpc_endpoint.dynamodb: Destruction complete after 5s
aws_route_table.private: Destroying... [id=rtb-0fb81f232c0afa473]
aws_route_table.private: Destruction complete after 1s
aws_nat_gateway.main: Destroying... [id=nat-018f2a31da9b2cee4]
aws_instance.bastion: Still destroying... [id=i-07362e8395d6d3199, 00m10s elapsed]
aws_nat_gateway.main: Still destroying... [id=nat-018f2a31da9b2cee4, 00m10s elapsed]
aws_instance.bastion: Still destroying... [id=i-07362e8395d6d3199, 00m20s elapsed]
aws_nat_gateway.main: Still destroying... [id=nat-018f2a31da9b2cee4, 00m20s elapsed]
aws_instance.bastion: Still destroying... [id=i-07362e8395d6d3199, 00m30s elapsed]
aws_nat_gateway.main: Still destroying... [id=nat-018f2a31da9b2cee4, 00m30s elapsed]
aws_instance.bastion: Still destroying... [id=i-07362e8395d6d3199, 00m40s elapsed]
aws_nat_gateway.main: Still destroying... [id=nat-018f2a31da9b2cee4, 00m40s elapsed]
aws_instance.bastion: Still destroying... [id=i-07362e8395d6d3199, 00m50s elapsed]
aws_instance.bastion: Destruction complete after 50s
aws_iam_instance_profile.bastion: Destroying... [id=skills-bastion-profile]
aws_key_pair.bastion: Destroying... [id=skills-bastion-key]
aws_security_group.bastion: Destroying... [id=sg-0ee3e4a0ff800a054]
aws_key_pair.bastion: Destruction complete after 0s
tls_private_key.bastion: Destroying... [id=98dddeed6ab53320b69fc48d8d729d42ee6c87fd]
tls_private_key.bastion: Destruction complete after 0s
aws_security_group.bastion: Destruction complete after 1s
aws_iam_instance_profile.bastion: Destruction complete after 1s
aws_iam_role.bastion: Destroying... [id=skills-bastion-role]
aws_iam_role.bastion: Destruction complete after 0s
aws_nat_gateway.main: Still destroying... [id=nat-018f2a31da9b2cee4, 00m50s elapsed]
aws_nat_gateway.main: Destruction complete after 50s
aws_internet_gateway.main: Destroying... [id=igw-0ec0d82005717bf3c]
aws_eip.nat: Destroying... [id=eipalloc-0cf22e8ecd13eb54f]
aws_subnet.public[1]: Destroying... [id=subnet-0188a2fe261d1a059]
aws_subnet.public[0]: Destroying... [id=subnet-005bd293bcb5b2fbc]
aws_internet_gateway.main: Destruction complete after 0s
aws_subnet.public[1]: Destruction complete after 1s
aws_subnet.public[0]: Destruction complete after 1s
aws_vpc.main: Destroying... [id=vpc-0672e606c2275a4c4]
aws_eip.nat: Destruction complete after 1s
aws_vpc.main: Destruction complete after 0s

Destroy complete! Resources: 23 destroyed.
